// Jest Snapshot v1, https://goo.gl/fbAQLP

exports[`Article Image tests renders correctly 1`] = `
<div>
  <img
    class="image"
  />
</div>
`;
